[debug] [2025-07-12T04:37:36.934Z] ----------------------------------------------------------------------
[debug] [2025-07-12T04:37:36.936Z] Command:       C:\Program Files\nodejs\node.exe C:\Users\MohanRaj\AppData\Roaming\npm\node_modules\firebase-tools\lib\bin\firebase.js deploy
[debug] [2025-07-12T04:37:36.936Z] CLI Version:   14.3.1
[debug] [2025-07-12T04:37:36.936Z] Platform:      win32
[debug] [2025-07-12T04:37:36.936Z] Node Version:  v22.14.0
[debug] [2025-07-12T04:37:36.936Z] Time:          Sat Jul 12 2025 10:07:36 GMT+0530 (India Standard Time)
[debug] [2025-07-12T04:37:36.936Z] ----------------------------------------------------------------------
[debug] 
[debug] [2025-07-12T04:37:37.128Z] > command requires scopes: ["email","openid","https://www.googleapis.com/auth/cloudplatformprojects.readonly","https://www.googleapis.com/auth/firebase","https://www.googleapis.com/auth/cloud-platform"]
[debug] [2025-07-12T04:37:37.128Z] > authorizing via signed-in user (vhealfoundation@gmail.com)
[debug] [2025-07-12T04:37:37.128Z] [iam] checking project vhealfoundationsadmin for permissions ["firebase.projects.get","firebasehosting.sites.update"]
[debug] [2025-07-12T04:37:37.129Z] Checked if tokens are valid: false, expires at: 1752295428991
[debug] [2025-07-12T04:37:37.129Z] Checked if tokens are valid: false, expires at: 1752295428991
[debug] [2025-07-12T04:37:37.129Z] > refreshing access token with scopes: []
[debug] [2025-07-12T04:37:37.130Z] >>> [apiv2][query] POST https://www.googleapis.com/oauth2/v3/token [none]
[debug] [2025-07-12T04:37:37.130Z] >>> [apiv2][body] POST https://www.googleapis.com/oauth2/v3/token [omitted]
[debug] [2025-07-12T04:37:37.543Z] <<< [apiv2][status] POST https://www.googleapis.com/oauth2/v3/token 200
[debug] [2025-07-12T04:37:37.543Z] <<< [apiv2][body] POST https://www.googleapis.com/oauth2/v3/token [omitted]
[debug] [2025-07-12T04:37:37.555Z] >>> [apiv2][query] POST https://cloudresourcemanager.googleapis.com/v1/projects/vhealfoundationsadmin:testIamPermissions [none]
[debug] [2025-07-12T04:37:37.555Z] >>> [apiv2][(partial)header] POST https://cloudresourcemanager.googleapis.com/v1/projects/vhealfoundationsadmin:testIamPermissions x-goog-quota-user=projects/vhealfoundationsadmin
[debug] [2025-07-12T04:37:37.555Z] >>> [apiv2][body] POST https://cloudresourcemanager.googleapis.com/v1/projects/vhealfoundationsadmin:testIamPermissions {"permissions":["firebase.projects.get","firebasehosting.sites.update"]}
